******************************************************************************
             TMS320C2000 Linker PC v6.2.5                      
******************************************************************************
>> Linked Tue Sep 01 00:38:55 2015

OUTPUT FILE NAME:   <LED_Blink.out>
ENTRY POINT SYMBOL: "_c_int00"  address: 00008237


MEMORY CONFIGURATION

         name            origin    length      used     unused   attr    fill
----------------------  --------  ---------  --------  --------  ----  --------
PAGE 0:
  PRAML0                00008000   00000800  0000046b  00000395  RWIX
  OTP                   003d7800   00000400  00000000  00000400  RWIX
  FLASHD                003f0000   00002000  00000000  00002000  RWIX
  FLASHC                003f2000   00002000  00000000  00002000  RWIX
  FLASHA                003f6000   00001f80  000004af  00001ad1  RWIX
  CSM_RSVD              003f7f80   00000076  00000000  00000076  RWIX
  BEGIN                 003f7ff6   00000002  00000002  00000000  RWIX
  CSM_PWL_P0            003f7ff8   00000008  00000000  00000008  RWIX
  IQTABLES              003fe000   00000b50  00000000  00000b50  RWIX
  IQTABLES2             003feb50   0000008c  00000000  0000008c  RWIX
  IQTABLES3             003febdc   000000aa  00000000  000000aa  RWIX
  ROM                   003ff27c   00000d44  00000000  00000d44  RWIX
  RESET                 003fffc0   00000002  00000000  00000002  RWIX
  VECTORS               003fffc2   0000003e  00000000  0000003e  RWIX

PAGE 1:
  BOOT_RSVD             00000000   00000050  00000000  00000050  RWIX
  RAMM0                 00000050   000003b0  00000300  000000b0  RWIX
  RAMM1                 00000400   00000400  00000000  00000400  RWIX
  DEV_EMU               00000880   00000105  00000004  00000101  RWIX
  SYS_PWR_CTL           00000985   00000003  00000003  00000000  RWIX
  FLASH_REGS            00000a80   00000060  00000008  00000058  RWIX
  CSM                   00000ae0   00000010  00000010  00000000  RWIX
  ADC_RESULT            00000b00   00000020  00000020  00000000  RWIX
  CPU_TIMER0            00000c00   00000008  00000008  00000000  RWIX
  CPU_TIMER1            00000c08   00000008  00000008  00000000  RWIX
  CPU_TIMER2            00000c10   00000008  00000008  00000000  RWIX
  PIE_CTRL              00000ce0   00000020  0000001a  00000006  RWIX
  PIE_VECT              00000d00   00000100  00000100  00000000  RWIX
  COMP1                 00006400   00000020  00000011  0000000f  RWIX
  COMP2                 00006420   00000020  00000011  0000000f  RWIX
  EPWM1                 00006800   00000040  00000040  00000000  RWIX
  EPWM2                 00006840   00000040  00000040  00000000  RWIX
  EPWM3                 00006880   00000040  00000040  00000000  RWIX
  EPWM4                 000068c0   00000040  00000040  00000000  RWIX
  ECAP1                 00006a00   00000020  00000020  00000000  RWIX
  GPIOCTRL              00006f80   00000040  00000040  00000000  RWIX
  GPIODAT               00006fc0   00000020  00000020  00000000  RWIX
  GPIOINT               00006fe0   00000020  0000000a  00000016  RWIX
  SYSTEM                00007010   00000020  0000001f  00000001  RWIX
  SPIA                  00007040   00000010  00000010  00000000  RWIX
  SCIA                  00007050   00000010  00000010  00000000  RWIX
  NMIINTRUPT            00007060   00000010  00000010  00000000  RWIX
  XINTRUPT              00007070   00000010  00000010  00000000  RWIX
  ADC                   00007100   00000080  00000051  0000002f  RWIX
  I2CA                  00007900   00000040  00000022  0000001e  RWIX
  DRAML0                00008800   00000800  00000008  000007f8  RWIX
  PARTID                003d7fff   00000001  00000001  00000000  RWIX
  FLASHB                003f4000   00002000  00000000  00002000  RWIX
  CSM_PWL               003f7ff8   00000008  00000008  00000000  RWIX


SECTION ALLOCATION MAP

 output                                  attributes/
section   page    origin      length       input sections
--------  ----  ----------  ----------   ----------------
.const     0    00008000    00000000     UNINITIALIZED

.pinit     0    00008000    00000000     UNINITIALIZED

.switch    0    00008000    00000000     UNINITIALIZED

.text      0    003f6000    00000351     RUN ADDR = 00008000
                  003f6000    00000138     f2802x_sysctrl.obj (.text)
                  003f6138    000000ff     f2802x_defaultisr.obj (.text:retain)
                  003f6237    00000044     rts2800_ml.lib : boot.obj (.text)
                  003f627b    0000003b     main.obj (.text)
                  003f62b6    00000028     f2802x_piectrl.obj (.text)
                  003f62de    00000025     f2802x_pievect.obj (.text)
                  003f6303    00000019     rts2800_ml.lib : args_main.obj (.text)
                  003f631c    00000019                    : exit.obj (.text)
                  003f6335    00000013     f2802x_gpio.obj (.text)
                  003f6348    00000009     rts2800_ml.lib : _lock.obj (.text)

.econst    0    003f6352    00000100     RUN ADDR = 00008352
                  003f6352    00000100     f2802x_pievect.obj (.econst)

.cinit     0    003f6452    00000016     RUN ADDR = 00008452
                  003f6452    0000000a     rts2800_ml.lib : _lock.obj (.cinit)
                  003f645c    0000000a                    : exit.obj (.cinit)
                  003f6466    00000002     --HOLE-- [fill = 0]

copysections 
*          0    003f6468    0000003c     
                  003f6468    0000003c     DSP28xxx_SectionCopy_nonBIOS.obj (copysections)

ramfuncs   0    003f64a4    00000004     RUN ADDR = 00008468
                  003f64a4    00000004     f2802x_usdelay.obj (ramfuncs)

wddisable 
*          0    003f64a8    00000008     
                  003f64a8    00000008     f2802x_codestartbranch.obj (wddisable)

codestart 
*          0    003f7ff6    00000002     
                  003f7ff6    00000002     f2802x_codestartbranch.obj (codestart)

.reset     0    003fffc0    00000002     DSECT
                  003fffc0    00000002     rts2800_ml.lib : boot.obj (.reset)

vectors    0    003fffc2    00000000     DSECT

.stack     1    00000050    00000300     UNINITIALIZED
                  00000050    00000300     --HOLE--

DevEmuRegsFile 
*          1    00000880    00000004     UNINITIALIZED
                  00000880    00000004     F2802x_GlobalVariableDefs.obj (DevEmuRegsFile)

SysPwrCtrlRegsFile 
*          1    00000985    00000003     UNINITIALIZED
                  00000985    00000003     F2802x_GlobalVariableDefs.obj (SysPwrCtrlRegsFile)

FlashRegsFile 
*          1    00000a80    00000008     UNINITIALIZED
                  00000a80    00000008     F2802x_GlobalVariableDefs.obj (FlashRegsFile)

CsmRegsFile 
*          1    00000ae0    00000010     UNINITIALIZED
                  00000ae0    00000010     F2802x_GlobalVariableDefs.obj (CsmRegsFile)

AdcResultFile 
*          1    00000b00    00000020     UNINITIALIZED
                  00000b00    00000020     F2802x_GlobalVariableDefs.obj (AdcResultFile)

CpuTimer0RegsFile 
*          1    00000c00    00000008     UNINITIALIZED
                  00000c00    00000008     F2802x_GlobalVariableDefs.obj (CpuTimer0RegsFile)

CpuTimer1RegsFile 
*          1    00000c08    00000008     UNINITIALIZED
                  00000c08    00000008     F2802x_GlobalVariableDefs.obj (CpuTimer1RegsFile)

CpuTimer2RegsFile 
*          1    00000c10    00000008     UNINITIALIZED
                  00000c10    00000008     F2802x_GlobalVariableDefs.obj (CpuTimer2RegsFile)

PieCtrlRegsFile 
*          1    00000ce0    0000001a     UNINITIALIZED
                  00000ce0    0000001a     F2802x_GlobalVariableDefs.obj (PieCtrlRegsFile)

PieVectTableFile 
*          1    00000d00    00000100     UNINITIALIZED
                  00000d00    00000100     F2802x_GlobalVariableDefs.obj (PieVectTableFile)

EmuKeyVar 
*          1    00000d00    00000001     UNINITIALIZED
                  00000d00    00000001     F2802x_GlobalVariableDefs.obj (EmuKeyVar)

EmuBModeVar 
*          1    00000d01    00000001     UNINITIALIZED
                  00000d01    00000001     F2802x_GlobalVariableDefs.obj (EmuBModeVar)

FlashCallbackVar 
*          1    00000d02    00000002     UNINITIALIZED
                  00000d02    00000002     F2802x_GlobalVariableDefs.obj (FlashCallbackVar)

FlashScalingVar 
*          1    00000d04    00000002     UNINITIALIZED
                  00000d04    00000002     F2802x_GlobalVariableDefs.obj (FlashScalingVar)

Comp1RegsFile 
*          1    00006400    00000011     UNINITIALIZED
                  00006400    00000011     F2802x_GlobalVariableDefs.obj (Comp1RegsFile)

Comp2RegsFile 
*          1    00006420    00000011     UNINITIALIZED
                  00006420    00000011     F2802x_GlobalVariableDefs.obj (Comp2RegsFile)

EPwm1RegsFile 
*          1    00006800    00000040     UNINITIALIZED
                  00006800    00000040     F2802x_GlobalVariableDefs.obj (EPwm1RegsFile)

EPwm2RegsFile 
*          1    00006840    00000040     UNINITIALIZED
                  00006840    00000040     F2802x_GlobalVariableDefs.obj (EPwm2RegsFile)

EPwm3RegsFile 
*          1    00006880    00000040     UNINITIALIZED
                  00006880    00000040     F2802x_GlobalVariableDefs.obj (EPwm3RegsFile)

EPwm4RegsFile 
*          1    000068c0    00000040     UNINITIALIZED
                  000068c0    00000040     F2802x_GlobalVariableDefs.obj (EPwm4RegsFile)

ECap1RegsFile 
*          1    00006a00    00000020     UNINITIALIZED
                  00006a00    00000020     F2802x_GlobalVariableDefs.obj (ECap1RegsFile)

GpioCtrlRegsFile 
*          1    00006f80    00000040     UNINITIALIZED
                  00006f80    00000040     F2802x_GlobalVariableDefs.obj (GpioCtrlRegsFile)

GpioDataRegsFile 
*          1    00006fc0    00000020     UNINITIALIZED
                  00006fc0    00000020     F2802x_GlobalVariableDefs.obj (GpioDataRegsFile)

GpioIntRegsFile 
*          1    00006fe0    0000000a     UNINITIALIZED
                  00006fe0    0000000a     F2802x_GlobalVariableDefs.obj (GpioIntRegsFile)

SysCtrlRegsFile 
*          1    00007010    0000001f     UNINITIALIZED
                  00007010    0000001f     F2802x_GlobalVariableDefs.obj (SysCtrlRegsFile)

SpiaRegsFile 
*          1    00007040    00000010     UNINITIALIZED
                  00007040    00000010     F2802x_GlobalVariableDefs.obj (SpiaRegsFile)

SciaRegsFile 
*          1    00007050    00000010     UNINITIALIZED
                  00007050    00000010     F2802x_GlobalVariableDefs.obj (SciaRegsFile)

NmiIntruptRegsFile 
*          1    00007060    00000010     UNINITIALIZED
                  00007060    00000010     F2802x_GlobalVariableDefs.obj (NmiIntruptRegsFile)

XIntruptRegsFile 
*          1    00007070    00000010     UNINITIALIZED
                  00007070    00000010     F2802x_GlobalVariableDefs.obj (XIntruptRegsFile)

AdcRegsFile 
*          1    00007100    00000051     UNINITIALIZED
                  00007100    00000051     F2802x_GlobalVariableDefs.obj (AdcRegsFile)

I2caRegsFile 
*          1    00007900    00000022     UNINITIALIZED
                  00007900    00000022     F2802x_GlobalVariableDefs.obj (I2caRegsFile)

.ebss      1    00008800    00000008     UNINITIALIZED
                  00008800    00000004     rts2800_ml.lib : _lock.obj (.ebss)
                  00008804    00000004                    : exit.obj (.ebss)

PartIdRegsFile 
*          1    003d7fff    00000001     UNINITIALIZED
                  003d7fff    00000001     F2802x_GlobalVariableDefs.obj (PartIdRegsFile)

CsmPwlFile 
*          1    003f7ff8    00000008     UNINITIALIZED
                  003f7ff8    00000008     F2802x_GlobalVariableDefs.obj (CsmPwlFile)


GLOBAL DATA SYMBOLS: SORTED BY DATA PAGE

address     data page           name
--------    ----------------    ----
00000050       1 (00000040)     __stack

00000880      22 (00000880)     _DevEmuRegs

00000985      26 (00000980)     _SysPwrCtrlRegs

00000a80      2a (00000a80)     _FlashRegs

00000ae0      2b (00000ac0)     _CsmRegs

00000b00      2c (00000b00)     _AdcResult

00000c00      30 (00000c00)     _CpuTimer0Regs
00000c08      30 (00000c00)     _CpuTimer1Regs
00000c10      30 (00000c00)     _CpuTimer2Regs

00000ce0      33 (00000cc0)     _PieCtrlRegs

00000d00      34 (00000d00)     _EmuKey
00000d00      34 (00000d00)     _PieVectTable
00000d01      34 (00000d00)     _EmuBMode
00000d02      34 (00000d00)     _Flash_CallbackPtr
00000d04      34 (00000d00)     _Flash_CPUScaleFactor

00006400     190 (00006400)     _Comp1Regs
00006420     190 (00006400)     _Comp2Regs

00006800     1a0 (00006800)     _EPwm1Regs

00006840     1a1 (00006840)     _EPwm2Regs

00006880     1a2 (00006880)     _EPwm3Regs

000068c0     1a3 (000068c0)     _EPwm4Regs

00006a00     1a8 (00006a00)     _ECap1Regs

00006f80     1be (00006f80)     _GpioCtrlRegs

00006fc0     1bf (00006fc0)     _GpioDataRegs
00006fe0     1bf (00006fc0)     _GpioIntRegs

00007010     1c0 (00007000)     _SysCtrlRegs

00007040     1c1 (00007040)     _SpiaRegs
00007050     1c1 (00007040)     _SciaRegs
00007060     1c1 (00007040)     _NmiIntruptRegs
00007070     1c1 (00007040)     _XIntruptRegs

00007100     1c4 (00007100)     _AdcRegs

00007900     1e4 (00007900)     _I2caRegs

00008352     20d (00008340)     _PieVectTableInit

00008800     220 (00008800)     __unlock
00008802     220 (00008800)     __lock
00008804     220 (00008800)     ___TI_cleanup_ptr
00008806     220 (00008800)     ___TI_dtors_ptr

003d7fff    f5ff (003d7fc0)     _PartIdRegs

003f7ff8    fdff (003f7fc0)     _CsmPwl


GLOBAL SYMBOLS: SORTED ALPHABETICALLY BY Name 

address    name
--------   ----
00008000   .text
0000831c   C$$EXIT
00008197   _ADCINT1_ISR
0000819c   _ADCINT2_ISR
00008205   _ADCINT3_ISR
0000820a   _ADCINT4_ISR
0000820f   _ADCINT5_ISR
00008214   _ADCINT6_ISR
00008219   _ADCINT7_ISR
0000821e   _ADCINT8_ISR
000081ab   _ADCINT9_ISR
00007100   _AdcRegs
00000b00   _AdcResult
00006400   _Comp1Regs
00006420   _Comp2Regs
00000c00   _CpuTimer0Regs
00000c08   _CpuTimer1Regs
00000c10   _CpuTimer2Regs
003f7ff8   _CsmPwl
00000ae0   _CsmRegs
000080b2   _CsmUnlock
00008142   _DATALOG_ISR
00008468   _DSP28x_usDelay
0000827b   _DelayMS
00000880   _DevEmuRegs
00008024   _DisableDog
000081e2   _ECAP1_INT_ISR
00006a00   _ECap1Regs
00008228   _EMPTY_ISR
0000814c   _EMUINT_ISR
000081ce   _EPWM1_INT_ISR
000081ba   _EPWM1_TZINT_ISR
000081d3   _EPWM2_INT_ISR
000081bf   _EPWM2_TZINT_ISR
000081d8   _EPWM3_INT_ISR
000081c4   _EPWM3_TZINT_ISR
000081dd   _EPWM4_INT_ISR
000081c9   _EPWM4_TZINT_ISR
00006800   _EPwm1Regs
00006840   _EPwm2Regs
00006880   _EPwm3Regs
000068c0   _EPwm4Regs
00000d01   _EmuBMode
00000d00   _EmuKey
000082d5   _EnableInterrupts
00008122   _ExtOscSel
00000a80   _FlashRegs
00000d04   _Flash_CPUScaleFactor
00000d02   _Flash_CallbackPtr
00006f80   _GpioCtrlRegs
00006fc0   _GpioDataRegs
00006fe0   _GpioIntRegs
000081f1   _I2CINT1A_ISR
000081f6   _I2CINT2A_ISR
00007900   _I2caRegs
00008156   _ILLEGAL_ISR
00008138   _INT13_ISR
0000813d   _INT14_ISR
00008335   _InitGpio
00008080   _InitPeripheralClocks
000082b6   _InitPieCtrl
000082de   _InitPieVectTable
0000802c   _InitPll
00008000   _InitSysCtrl
000080e3   _IntOsc1Sel
000080f3   _IntOsc2Sel
00008151   _NMI_ISR
00007060   _NmiIntruptRegs
0000822d   _PIE_RESERVED
003d7fff   _PartIdRegs
00000ce0   _PieCtrlRegs
00000d00   _PieVectTable
00008352   _PieVectTableInit
00008147   _RTOSINT_ISR
003f64a8   _RamfuncsLoadEnd
003f64a4   _RamfuncsLoadStart
00008468   _RamfuncsRunStart
000081fb   _SCIRXINTA_ISR
00008200   _SCITXINTA_ISR
000081e7   _SPIRXINTA_ISR
000081ec   _SPITXINTA_ISR
00007050   _SciaRegs
0000801a   _ServiceDog
00007040   _SpiaRegs
00007010   _SysCtrlRegs
00000985   _SysPwrCtrlRegs
000081b0   _TINT0_ISR
00008188   _USER10_ISR
0000818d   _USER11_ISR
00008192   _USER12_ISR
0000815b   _USER1_ISR
00008160   _USER2_ISR
00008165   _USER3_ISR
0000816a   _USER4_ISR
0000816f   _USER5_ISR
00008174   _USER6_ISR
00008179   _USER7_ISR
0000817e   _USER8_ISR
00008183   _USER9_ISR
000081b5   _WAKEINT_ISR
000081a1   _XINT1_ISR
000081a6   _XINT2_ISR
00008223   _XINT3_ISR
00007070   _XIntruptRegs
00008107   _XtalOscSel
00000350   __STACK_END
00000300   __STACK_SIZE
00000001   __TI_args_main
00008804   ___TI_cleanup_ptr
00008806   ___TI_dtors_ptr
ffffffff   ___binit__
ffffffff   ___c_args__
00008452   ___cinit__
00008351   ___etext__
ffffffff   ___pinit__
00008000   ___text__
00008303   __args_main
00008802   __lock
00008350   __nop
0000834c   __register_lock
00008348   __register_unlock
00000050   __stack
00008800   __unlock
0000831c   _abort
00008237   _c_int00
003f6452   _cinit_loadstart
00008452   _cinit_runstart
00000016   _cinit_size
00008000   _const_loadstart
00008000   _const_runstart
00000000   _const_size
003f6352   _econst_loadstart
00008352   _econst_runstart
00000100   _econst_size
0000831e   _exit
00008297   _main
00008000   _pinit_loadstart
00008000   _pinit_runstart
00000000   _pinit_size
00008232   _rsvd_ISR
00008000   _switch_loadstart
00008000   _switch_runstart
00000000   _switch_size
003f6000   _text_loadstart
00008000   _text_runstart
00000351   _text_size
ffffffff   binit
00008452   cinit
003f7ff6   code_start
003f6468   copy_sections
00008351   etext
ffffffff   pinit


GLOBAL SYMBOLS: SORTED BY Symbol Address 

address    name
--------   ----
00000000   _const_size
00000000   _pinit_size
00000000   _switch_size
00000001   __TI_args_main
00000016   _cinit_size
00000050   __stack
00000100   _econst_size
00000300   __STACK_SIZE
00000350   __STACK_END
00000351   _text_size
00000880   _DevEmuRegs
00000985   _SysPwrCtrlRegs
00000a80   _FlashRegs
00000ae0   _CsmRegs
00000b00   _AdcResult
00000c00   _CpuTimer0Regs
00000c08   _CpuTimer1Regs
00000c10   _CpuTimer2Regs
00000ce0   _PieCtrlRegs
00000d00   _EmuKey
00000d00   _PieVectTable
00000d01   _EmuBMode
00000d02   _Flash_CallbackPtr
00000d04   _Flash_CPUScaleFactor
00006400   _Comp1Regs
00006420   _Comp2Regs
00006800   _EPwm1Regs
00006840   _EPwm2Regs
00006880   _EPwm3Regs
000068c0   _EPwm4Regs
00006a00   _ECap1Regs
00006f80   _GpioCtrlRegs
00006fc0   _GpioDataRegs
00006fe0   _GpioIntRegs
00007010   _SysCtrlRegs
00007040   _SpiaRegs
00007050   _SciaRegs
00007060   _NmiIntruptRegs
00007070   _XIntruptRegs
00007100   _AdcRegs
00007900   _I2caRegs
00008000   .text
00008000   _InitSysCtrl
00008000   ___text__
00008000   _const_loadstart
00008000   _const_runstart
00008000   _pinit_loadstart
00008000   _pinit_runstart
00008000   _switch_loadstart
00008000   _switch_runstart
00008000   _text_runstart
0000801a   _ServiceDog
00008024   _DisableDog
0000802c   _InitPll
00008080   _InitPeripheralClocks
000080b2   _CsmUnlock
000080e3   _IntOsc1Sel
000080f3   _IntOsc2Sel
00008107   _XtalOscSel
00008122   _ExtOscSel
00008138   _INT13_ISR
0000813d   _INT14_ISR
00008142   _DATALOG_ISR
00008147   _RTOSINT_ISR
0000814c   _EMUINT_ISR
00008151   _NMI_ISR
00008156   _ILLEGAL_ISR
0000815b   _USER1_ISR
00008160   _USER2_ISR
00008165   _USER3_ISR
0000816a   _USER4_ISR
0000816f   _USER5_ISR
00008174   _USER6_ISR
00008179   _USER7_ISR
0000817e   _USER8_ISR
00008183   _USER9_ISR
00008188   _USER10_ISR
0000818d   _USER11_ISR
00008192   _USER12_ISR
00008197   _ADCINT1_ISR
0000819c   _ADCINT2_ISR
000081a1   _XINT1_ISR
000081a6   _XINT2_ISR
000081ab   _ADCINT9_ISR
000081b0   _TINT0_ISR
000081b5   _WAKEINT_ISR
000081ba   _EPWM1_TZINT_ISR
000081bf   _EPWM2_TZINT_ISR
000081c4   _EPWM3_TZINT_ISR
000081c9   _EPWM4_TZINT_ISR
000081ce   _EPWM1_INT_ISR
000081d3   _EPWM2_INT_ISR
000081d8   _EPWM3_INT_ISR
000081dd   _EPWM4_INT_ISR
000081e2   _ECAP1_INT_ISR
000081e7   _SPIRXINTA_ISR
000081ec   _SPITXINTA_ISR
000081f1   _I2CINT1A_ISR
000081f6   _I2CINT2A_ISR
000081fb   _SCIRXINTA_ISR
00008200   _SCITXINTA_ISR
00008205   _ADCINT3_ISR
0000820a   _ADCINT4_ISR
0000820f   _ADCINT5_ISR
00008214   _ADCINT6_ISR
00008219   _ADCINT7_ISR
0000821e   _ADCINT8_ISR
00008223   _XINT3_ISR
00008228   _EMPTY_ISR
0000822d   _PIE_RESERVED
00008232   _rsvd_ISR
00008237   _c_int00
0000827b   _DelayMS
00008297   _main
000082b6   _InitPieCtrl
000082d5   _EnableInterrupts
000082de   _InitPieVectTable
00008303   __args_main
0000831c   C$$EXIT
0000831c   _abort
0000831e   _exit
00008335   _InitGpio
00008348   __register_unlock
0000834c   __register_lock
00008350   __nop
00008351   ___etext__
00008351   etext
00008352   _PieVectTableInit
00008352   _econst_runstart
00008452   ___cinit__
00008452   _cinit_runstart
00008452   cinit
00008468   _DSP28x_usDelay
00008468   _RamfuncsRunStart
00008800   __unlock
00008802   __lock
00008804   ___TI_cleanup_ptr
00008806   ___TI_dtors_ptr
003d7fff   _PartIdRegs
003f6000   _text_loadstart
003f6352   _econst_loadstart
003f6452   _cinit_loadstart
003f6468   copy_sections
003f64a4   _RamfuncsLoadStart
003f64a8   _RamfuncsLoadEnd
003f7ff6   code_start
003f7ff8   _CsmPwl
ffffffff   ___binit__
ffffffff   ___c_args__
ffffffff   ___pinit__
ffffffff   binit
ffffffff   pinit

[152 symbols]
